../../../../../../binutils-gdb/gas/testsuite/gas/sh/arch/arch_expected.txt