../../../../../binutils-gdb/ld/testsuite/ld-sh/arch/arch_expected.txt