../../../../../gcc/gcc/testsuite/go.test/test/printbig.out