../../../../../../gcc/libgo/go/cmd/gofmt/testdata/composites.golden