../../../../../../gcc/libgo/go/cmd/gofmt/testdata/crlf.golden