../../../../../../gcc/libgo/go/cmd/gofmt/testdata/emptydecl.golden