../../../../../../gcc/libgo/go/cmd/gofmt/testdata/import.golden