../../../../../../gcc/libgo/go/cmd/gofmt/testdata/ranges.golden