../../../../../../gcc/libgo/go/cmd/gofmt/testdata/rewrite2.golden