../../../../../../gcc/libgo/go/cmd/gofmt/testdata/rewrite6.golden