../../../../../../gcc/libgo/go/cmd/gofmt/testdata/rewrite5.golden