../../../../../../gcc/libgo/go/cmd/gofmt/testdata/rewrite1.golden