../../../../../../gcc/libgo/go/cmd/gofmt/testdata/rewrite3.golden