../../../../../../gcc/libgo/go/cmd/gofmt/testdata/rewrite4.golden