../../../../../../gcc/libgo/go/cmd/gofmt/testdata/slices1.golden