../../../../../../gcc/libgo/go/cmd/gofmt/testdata/stdin1.golden