../../../../../../gcc/libgo/go/cmd/gofmt/testdata/stdin6.golden