../../../../../../gcc/libgo/go/cmd/gofmt/testdata/stdin4.golden