../../../../../../gcc/libgo/go/cmd/gofmt/testdata/stdin3.golden