../../../../../../gcc/libgo/go/cmd/gofmt/testdata/stdin5.golden