../../../../../../gcc/libgo/go/cmd/gofmt/testdata/stdin2.golden