../../../../../../gcc/libgo/go/cmd/gofmt/testdata/stdin7.golden