../../../../../../gcc/libgo/go/cmd/gofmt/testdata/typeswitch.golden