../../../../../../gcc/libgo/go/compress/flate/testdata/huffman-zero.golden