../../../../../../gcc/libgo/go/compress/flate/testdata/huffman-rand-limit.golden