../../../../../../gcc/libgo/go/compress/flate/testdata/huffman-text-shift.golden