../../../../../../gcc/libgo/go/compress/flate/testdata/huffman-pi.golden