../../../../../../gcc/libgo/go/compress/flate/testdata/huffman-rand-max.golden