../../../../../../gcc/libgo/go/compress/flate/testdata/huffman-rand-1k.golden