../../../../../../gcc/libgo/go/go/doc/testdata/blank.0.golden