../../../../../../gcc/libgo/go/go/doc/testdata/blank.1.golden