../../../../../../gcc/libgo/go/go/doc/testdata/blank.2.golden