../../../../../../gcc/libgo/go/go/doc/testdata/c.0.golden