../../../../../../gcc/libgo/go/go/doc/testdata/issue13742.1.golden