../../../../../../gcc/libgo/go/go/doc/testdata/issue17788.2.golden