../../../../../../gcc/libgo/go/go/doc/testdata/issue17788.1.golden