../../../../../../gcc/libgo/go/go/doc/testdata/issue17788.0.golden