../../../../../../gcc/libgo/go/go/doc/testdata/issue13742.2.golden