../../../../../../gcc/libgo/go/go/doc/testdata/predeclared.1.golden