../../../../../../gcc/libgo/go/go/doc/testdata/predeclared.2.golden