../../../../../../gcc/libgo/go/go/doc/testdata/predeclared.0.golden